// Jest Snapshot v1, https://goo.gl/fbAQLP

exports[`Radio should render Radio components 1`] = `
Array [
  <div
    class="wtx-radio-group"
  >
    <label
      class="wtx-radio"
    >
      <input
        class="wtx-radio__input"
        name="wtx-radio-0"
        type="radio"
        value="三天"
      />
      三天
    </label>
    <label
      class="wtx-radio wtx-radio__checked"
    >
      <input
        class="wtx-radio__input"
        name="wtx-radio-1"
        type="radio"
        value="七天"
      />
      七天
    </label>
    <label
      class="wtx-radio"
    >
      <input
        class="wtx-radio__input"
        name="wtx-radio-2"
        type="radio"
        value="三十天"
      />
      三十天
    </label>
  </div>,
  <div
    class="wtx-radio-group"
  >
    <label
      class="wtx-radio-button wtx-radio-button__checked"
    >
      <input
        class="wtx-radio-button__input"
        name="wtx-radio-0"
        type="radio"
        value="图表"
      />
      图表
    </label>
    <label
      class="wtx-radio-button"
    >
      <input
        class="wtx-radio-button__input"
        name="wtx-radio-1"
        type="radio"
        value="列表"
      />
      列表
    </label>
  </div>,
]
`;
