// Jest Snapshot v1, https://goo.gl/fbAQLP

exports[`Chart should render charts components 1`] = `
Array [
  <div
    class="test"
    style="width:400px;height:240px"
  />,
  <div
    style="width:400px;height:190px"
    xaxis="11.1,11.2,11.3,11.4,11.5,11.6,11.7"
    yaxis="200,189,120,165,145,209,192"
  />,
  <div
    class="test"
    style="width:400px;height:190px"
    tags="第一类型,第二类型"
    xaxis="11.1,11.2,11.3,11.4,11.5,11.6,11.7"
    yaxis="200,189,120,165,145,209,192,191,289,320,165,245,109,92"
  />,
  <div
    style="width:400px;height:160px"
  />,
  <div
    class="chart-title"
  >
    标题
  </div>,
  <div
    class="chart-title"
  >
    标题
    <div
      class="number"
    >
      7
    </div>
  </div>,
]
`;
